// Jest Snapshot v1, https://goo.gl/fbAQLP

exports[`matches voice search component snapshot 1`] = `
Array [
  <li>
    <p>
      symbol
    </p>
    <p>
      AAPL
    </p>
  </li>,
  <li>
    <p>
      name
    </p>
    <p>
      Apple Inc.
    </p>
  </li>,
  <li>
    <p>
      price
    </p>
    <p>
      149.55
    </p>
  </li>,
  <li>
    <p>
      changesPercentage
    </p>
    <p>
      0.38934135
    </p>
  </li>,
  <li>
    <p>
      change
    </p>
    <p>
      0.58000183
    </p>
  </li>,
  <li>
    <p>
      dayLow
    </p>
    <p>
      148.75
    </p>
  </li>,
  <li>
    <p>
      dayHigh
    </p>
    <p>
      151.41
    </p>
  </li>,
  <li>
    <p>
      yearHigh
    </p>
    <p>
      157.26
    </p>
  </li>,
  <li>
    <p>
      yearLow
    </p>
    <p>
      103.1
    </p>
  </li>,
  <li>
    <p>
      marketCap
    </p>
    <p>
      2472091320320
    </p>
  </li>,
  <li>
    <p>
      priceAvg50
    </p>
    <p>
      149.04265
    </p>
  </li>,
  <li>
    <p>
      priceAvg200
    </p>
    <p>
      134.71935
    </p>
  </li>,
  <li>
    <p>
      volume
    </p>
    <p>
      97750498
    </p>
  </li>,
  <li>
    <p>
      avgVolume
    </p>
    <p>
      78489468
    </p>
  </li>,
  <li>
    <p>
      exchange
    </p>
    <p>
      NASDAQ
    </p>
  </li>,
  <li>
    <p>
      open
    </p>
    <p>
      150.63
    </p>
  </li>,
  <li>
    <p>
      previousClose
    </p>
    <p>
      148.97
    </p>
  </li>,
  <li>
    <p>
      eps
    </p>
    <p>
      5.108
    </p>
  </li>,
  <li>
    <p>
      pe
    </p>
    <p>
      29.277605
    </p>
  </li>,
  <li>
    <p>
      earningsAnnouncement
    </p>
    <p>
      2021-07-27T16:30:00.000+0000
    </p>
  </li>,
  <li>
    <p>
      sharesOutstanding
    </p>
    <p>
      16530199400
    </p>
  </li>,
  <li>
    <p>
      timestamp
    </p>
    <p>
      1631575899
    </p>
  </li>,
]
`;
